2026-09-06 06:18:43.304 [GOLDEN-E2E] Starting Golden Path E2E Workflow test run...
2026-09-06 06:18:44.050 [GOLDEN-E2E] Launching Stepwise.App.exe with isolated project: C:\Users\Mila\Desktop\BestStart\projects\Stepwise\artifacts\e2e\test_project
2026-09-06 06:18:47.525 [GOLDEN-E2E] Stepwise.App MainWindow ready: HWND=0x792200, Title='Stepwise — Interactive Walkthrough Engine'
2026-09-06 06:18:47.525 [GOLDEN-E2E] Launching Stepwise.TestTarget.exe from: C:\Users\Mila\Desktop\BestStart\projects\Stepwise\tests\Stepwise.TestTarget\bin\Debug\net9.0-windows\Stepwise.TestTarget.exe
2026-09-06 06:18:50.631 [GOLDEN-E2E] Stepwise.TestTarget ready: HWND=0x857202, Title='Stepwise Test Target Application'
2026-09-06 06:18:50.782 [GOLDEN-E2E] Captured launch evidence: C:\Users\Mila\Desktop\BestStart\projects\Stepwise\artifacts\e2e\launch.png
2026-09-06 06:18:53.422 [GOLDEN-E2E] Clicked BtnStartRecording. Awaiting Recording state transition...
2026-09-06 06:18:54.683 [GOLDEN-E2E] Recording state verified: 'Запись активна...'
2026-09-06 06:18:54.741 [GOLDEN-E2E] Captured recording evidence: C:\Users\Mila\Desktop\BestStart\projects\Stepwise\artifacts\e2e\recording.png
2026-09-06 06:18:59.765 [GOLDEN-E2E] Entered text 'Stepwise E2E Test' into txtStandard.
2026-09-06 06:19:02.602 [GOLDEN-E2E] Focused pwdSecure password field. Plaintext password must be suppressed/masked.
2026-09-06 06:19:05.914 [GOLDEN-E2E] Invoked btnAction on target application.
2026-09-06 06:19:06.447 [GOLDEN-E2E] Target status updated: 'Action Submitted: Stepwise E2E Test'
2026-09-06 06:19:06.604 [GOLDEN-E2E] Target telemetry and screenshots updated: scr1='assets/screenshots/step_000.png', scr2='assets/screenshots/step_001.png', scr3='assets/screenshots/step_002.png'
2026-09-06 06:19:08.651 [GOLDEN-E2E] Clicked BtnStopRecording. Awaiting completion...
2026-09-06 06:19:09.654 [GOLDEN-E2E] Recording session finished. State=Completed.
2026-09-06 06:19:10.240 [GOLDEN-E2E] Verifying Editor and SQLite persistence in Stepwise.App...
2026-09-06 06:19:10.829 [GOLDEN-E2E] Editor TxtStepTitle loaded: 'Type "Stepwise E2E Test" into Standard Input'
2026-09-06 06:19:10.860 [GOLDEN-E2E] Editor TxtStepDescription loaded: 'Enter the test input value into txtStandard of Stepwise.TestTarget.'
2026-09-06 06:19:10.887 [GOLDEN-E2E] Captured editor evidence: C:\Users\Mila\Desktop\BestStart\projects\Stepwise\artifacts\e2e\editor.png
2026-09-06 06:19:10.887 [GOLDEN-E2E] Editing step details in Editor...
2026-09-06 06:19:15.747 [GOLDEN-E2E] Captured persistence evidence: C:\Users\Mila\Desktop\BestStart\projects\Stepwise\artifacts\e2e\persistence.png
2026-09-06 06:19:16.797 [GOLDEN-E2E] Persisted Title and Description verified in SQLite: Title='Edited Golden Step', Description='Verified by E2E'
2026-09-06 06:19:16.798 [GOLDEN-E2E] Screenshots on disk verified.
